// Jest Snapshot v1, https://goo.gl/fbAQLP

exports[`snapshot test for filtering 1`] = `
<div
  className="filter-container"
>
  <button
    className="filter-option filter-active"
    onClick={[Function]}
  >
    All
  </button>
  <button
    className="filter-option "
    onClick={[Function]}
  >
    Drama
  </button>
  <button
    className="filter-option "
    onClick={[Function]}
  >
    Fantasy
  </button>
  <button
    className="filter-option "
    onClick={[Function]}
  >
    Comedy
  </button>
  <button
    className="filter-option "
    onClick={[Function]}
  >
    Action
  </button>
</div>
`;
